<?xml version="1.0" encoding="UTF-8"?>
<!DOCTYPE map PUBLIC "-//OASIS//DTD DITA Map//EN" "map.dtd">
<map>
    <title>Words and Expressions Commonly Misused</title>
    <topicref href="words_and_expressions_commonly_misused.dita"></topicref>
    <glossref href="glossary/all_right.dita" keys="all_right" print="yes" toc="yes" />
    <glossref href="glossary/as_good_or_better_than.dita" keys="as_good_or_better_than" print="yes" toc="yes" />
    <glossref href="glossary/as_to_whether.dita" keys="as_to_whether" print="yes" toc="yes" />
    <glossref href="glossary/bid.dita" keys="bid" print="yes" toc="yes" />
    <glossref href="glossary/but.dita" keys="but" print="yes" toc="yes" />
    <glossref href="glossary/can.dita" keys="can" print="yes" toc="yes" />
    <glossref href="glossary/case.dita" keys="case" print="yes" toc="yes" />
    <glossref href="glossary/certainly.dita" keys="certainly" print="yes" toc="yes" />
    <glossref href="glossary/character.dita" keys="character" print="yes" toc="yes" />
    <glossref href="glossary/claim_vb.dita" keys="claim_vb" print="yes" toc="yes" />
    <glossref href="glossary/clever.dita" keys="clever" print="yes" toc="yes" />
    <glossref href="glossary/compare.dita" keys="compare" print="yes" toc="yes" />
    <glossref href="glossary/consider.dita" keys="consider" print="yes" toc="yes" />
    <glossref href="glossary/data.dita" keys="data" print="yes" toc="yes" />
    <glossref href="glossary/dependable.dita" keys="dependable" print="yes" toc="yes" />
    <glossref href="glossary/different_than.dita" keys="different_than" print="yes" toc="yes" />
    <glossref href="glossary/divided_into.dita" keys="divided_into" print="yes" toc="yes" />
    <glossref href="glossary/don_t.dita" keys="don_t" print="yes" toc="yes" />
    <glossref href="glossary/due_to.dita" keys="due_to" print="yes" toc="yes" />
    <glossref href="glossary/effect.dita" keys="effect" print="yes" toc="yes" />
    <glossref href="glossary/etc.dita" keys="etc" print="yes" toc="yes" />
    <glossref href="glossary/fact.dita" keys="fact" print="yes" toc="yes" />
    <glossref href="glossary/factor.dita" keys="factor" print="yes" toc="yes" />
    <glossref href="glossary/feature.dita" keys="feature" print="yes" toc="yes" />
    <glossref href="glossary/fix.dita" keys="fix" print="yes" toc="yes" />
    <glossref href="glossary/folk.dita" keys="folk" print="yes" toc="yes" />
    <glossref href="glossary/get.dita" keys="get" print="yes" toc="yes" />
    <glossref href="glossary/help.dita" keys="help" print="yes" toc="yes" />
    <glossref href="glossary/he_is_a_man_who.dita" keys="he_is_a_man_who" print="yes" toc="yes" />
    <glossref href="glossary/however.dita" keys="however" print="yes" toc="yes" />
    <glossref href="glossary/interesting.dita" keys="interesting" print="yes" toc="yes" />
    <glossref href="glossary/kind_of.dita" keys="kind_of" print="yes" toc="yes" />
    <glossref href="glossary/less.dita" keys="less" print="yes" toc="yes" />
    <glossref href="glossary/like.dita" keys="like" print="yes" toc="yes" />
    <glossref href="glossary/line_along_these_lines.dita" keys="line_along_these_lines" print="yes" toc="yes" />
    <glossref href="glossary/literal_literally.dita" keys="literal_literally" print="yes" toc="yes" />
    <glossref href="glossary/lose_out.dita" keys="lose_out" print="yes" toc="yes" />
    <glossref href="glossary/most.dita" keys="most" print="yes" toc="yes" />
    <glossref href="glossary/nature.dita" keys="nature" print="yes" toc="yes" />
    <glossref href="glossary/near_by.dita" keys="near_by" print="yes" toc="yes" />
    <glossref href="glossary/oftentimes_ofttimes.dita" keys="oftentimes_ofttimes" print="yes" toc="yes" />
    <glossref href="glossary/one_hundred_and_one.dita" keys="one_hundred_and_one" print="yes" toc="yes" />
    <glossref href="glossary/one_of_the_most.dita" keys="one_of_the_most" print="yes" toc="yes" />
    <glossref href="glossary/participle_for_verbal_noun.dita" keys="participle_for_verbal_noun" print="yes" toc="yes" />
    <glossref href="glossary/people.dita" keys="people" print="yes" toc="yes" />
    <glossref href="glossary/phase.dita" keys="phase" print="yes" toc="yes" />
    <glossref href="glossary/possess.dita" keys="possess" print="yes" toc="yes" />
    <glossref href="glossary/prove.dita" keys="prove" print="yes" toc="yes" />
    <glossref href="glossary/respective_respectively.dita" keys="respective_respectively" print="yes" toc="yes" />
    <glossref href="glossary/shall_will.dita" keys="shall_will" print="yes" toc="yes" />
    <glossref href="glossary/should.dita" keys="should" print="yes" toc="yes" />
    <glossref href="glossary/so.dita" keys="so" print="yes" toc="yes" />
    <glossref href="glossary/sort_of.dita" keys="sort_of" print="yes" toc="yes" />
    <glossref href="glossary/split_infinitive.dita" keys="split_infinitive" print="yes" toc="yes" />
    <glossref href="glossary/state.dita" keys="state" print="yes" toc="yes" />
    <glossref href="glossary/student_body.dita" keys="student_body" print="yes" toc="yes" />
    <glossref href="glossary/system.dita" keys="system" print="yes" toc="yes" />
    <glossref href="glossary/thanking_you_in_advance.dita" keys="thanking_you_in_advance" print="yes" toc="yes" />
    <glossref href="glossary/they.dita" keys="they" print="yes" toc="yes" />
    <glossref href="glossary/very.dita" keys="very" print="yes" toc="yes" />
    <glossref href="glossary/viewpoint.dita" keys="viewpoint" print="yes" toc="yes" />
    <glossref href="glossary/while.dita" keys="while" print="yes" toc="yes" />
    <glossref href="glossary/whom.dita" keys="whom" print="yes" toc="yes" />
    <glossref href="glossary/worth_while.dita" keys="worth_while" print="yes" toc="yes" />
    <glossref href="glossary/would.dita" keys="would" print="yes" toc="yes" />
</map>
